// Jest Snapshot v1, https://goo.gl/fbAQLP

exports[`component renders with all props 1`] = `
<Uncontrolled(Navbar)
  bsStyle="default"
  collapseOnSelect={true}
>
  <NavbarHeader>
    <NavbarBrand>
      <Link
        onlyActiveOnIndex={false}
        style={Object {}}
        to="/"
      >
        Navigation title
      </Link>
    </NavbarBrand>
    <NavbarToggle />
  </NavbarHeader>
  <NavbarCollapse>
    <Nav
      bsClass="nav"
      justified={false}
      pullLeft={false}
      pullRight={false}
      stacked={false}
    >
      <LinkContainer
        action="push"
        onlyActiveOnIndex={false}
        to="Link 1 href"
      >
        <NavItem
          active={false}
          disabled={false}
        >
          Link 1 label
        </NavItem>
      </LinkContainer>
      <LinkContainer
        action="push"
        onlyActiveOnIndex={false}
        to="Link 2 href"
      >
        <NavItem
          active={false}
          disabled={false}
        >
          Link 2 label
        </NavItem>
      </LinkContainer>
    </Nav>
  </NavbarCollapse>
</Uncontrolled(Navbar)>
`;
