// Jest Snapshot v1, https://goo.gl/fbAQLP

exports[`component renders 1`] = `
<Grid
  bsClass="container"
  componentClass="div"
  fluid={false}
>
  <Spinner />
</Grid>
`;
