// Jest Snapshot v1, https://goo.gl/fbAQLP

exports[`component renders 1`] = `
<Grid
  bsClass="container"
  componentClass="div"
  fluid={false}
>
  <PageHeader
    bsClass="page-header"
  >
    React Redux Apollo GraphQL Hot Boilerplate
  </PageHeader>
</Grid>
`;
