// Jest Snapshot v1, https://goo.gl/fbAQLP

exports[`component renders with all props 1`] = `
<Grid
  bsClass="container"
  componentClass="div"
  fluid={false}
>
  <PageHeader
    bsClass="page-header"
  >
    Redux Counter
  </PageHeader>
  <p>
    Lorem ipsum dolor sit amet, an eius aeque est, vel vidisse fuisset rationibus an. Eu nam ullum consul. Te putant scripta albucius pri, vim oblique scriptorem in. Eos te mazim aliquip, ea erat utinam oblique cum, has simul scripta tractatos et.
  </p>
  <p>
    Current counter value is: 
    <strong>
      10
    </strong>
  </p>
  <Button
    active={false}
    block={false}
    bsClass="btn"
    bsStyle="default"
    disabled={false}
    onClick={[Function]}
  >
    Increment
  </Button>
  <Button
    active={false}
    block={false}
    bsClass="btn"
    bsStyle="default"
    disabled={false}
    onClick={[Function]}
  >
    Decrement
  </Button>
</Grid>
`;
