// Jest Snapshot v1, https://goo.gl/fbAQLP

exports[`component renders 1`] = `
<button>
  test me
</button>
`;
