// Jest Snapshot v1, https://goo.gl/fbAQLP

exports[`component renders 1`] = `
<div>
  <a
    href="#back"
    onClick={[Function]}
  >
    <img
      alt="arrow left"
      src={Object {}}
    />
  </a>
</div>
`;
